
> ruqi-store@1.0.0 prebuild
> prisma generate

Environment variables loaded from .env
Prisma schema loaded from prisma\schema.prisma

✔ Generated Prisma Client (v5.22.0) to .\node_modules\@prisma\client in 98ms

Start by importing your Prisma Client (See: https://pris.ly/d/importing-client)

Tip: Need your database queries to be 1000x faster? Accelerate offers you that and more: https://pris.ly/tip-2-accelerate


> ruqi-store@1.0.0 build
> prisma generate && next build

Environment variables loaded from .env
Prisma schema loaded from prisma\schema.prisma

✔ Generated Prisma Client (v5.22.0) to .\node_modules\@prisma\client in 99ms

Start by importing your Prisma Client (See: https://pris.ly/d/importing-client)

Tip: Interested in query caching in just a few lines of code? Try Accelerate today! https://pris.ly/tip-3-accelerate

┌─────────────────────────────────────────────────────────┐
│  Update available 5.22.0 -> 8.0.0-rc.15                 │
│                                                         │
│  This is a major update - please follow the guide at    │
│  https://pris.ly/d/major-version-upgrade                │
│                                                         │
│  Run the following to update                            │
│    npm i --save-dev prisma@latest                       │
│    npm i @prisma/client@latest                          │
└─────────────────────────────────────────────────────────┘
  ▲ Next.js 14.2.35
  - Environments: .env

   Creating an optimized production build ...
 ✓ Compiled successfully
   Linting and checking validity of types ...
   Collecting page data ...
   Generating static pages (0/19) ...
   Generating static pages (4/19) 
   Generating static pages (9/19) 
   Generating static pages (14/19) 
 ✓ Generating static pages (19/19)
   Finalizing page optimization ...
   Collecting build traces ...

Route (app)                                            Size     First Load JS
┌ ƒ /                                                  2.78 kB         106 kB
├ ƒ /_not-found                                        145 B          87.4 kB
├ ƒ /admin                                             3.56 kB         107 kB
├ ƒ /admin/categories                                  5.64 kB         100 kB
├ ƒ /admin/login                                       2.55 kB          97 kB
├ ƒ /admin/orders                                      5.22 kB        99.7 kB
├ ƒ /admin/products                                    4.51 kB         108 kB
├ ƒ /admin/products/[id]/edit                          2.85 kB         111 kB
├ ƒ /admin/products/new                                179 B           108 kB
├ ƒ /admin/settings                                    3.48 kB          98 kB
├ ƒ /api/admin/categories                              0 B                0 B
├ ƒ /api/admin/categories/[id]                         0 B                0 B
├ ƒ /api/admin/orders                                  0 B                0 B
├ ƒ /api/admin/orders/[id]/status                      0 B                0 B
├ ƒ /api/admin/products                                0 B                0 B
├ ƒ /api/admin/products/[id]                           0 B                0 B
├ ƒ /api/admin/products/[id]/images                    0 B                0 B
├ ƒ /api/admin/products/[id]/images/[imageId]          0 B                0 B
├ ƒ /api/admin/products/[id]/images/[imageId]/primary  0 B                0 B
├ ƒ /api/admin/settings                                0 B                0 B
├ ƒ /api/admin/stats                                   0 B                0 B
├ ƒ /api/auth/login                                    0 B                0 B
├ ƒ /api/auth/logout                                   0 B                0 B
├ ƒ /api/catalog                                       0 B                0 B
├ ƒ /api/orders                                        0 B                0 B
├ ƒ /api/track                                         0 B                0 B
├ ƒ /cart                                              4.22 kB         107 kB
├ ƒ /checkout                                          18.3 kB         113 kB
├ ƒ /products                                          4.97 kB         108 kB
├ ƒ /products/[slug]                                   6.46 kB         110 kB
├ ƒ /success/[orderNumber]                             1.42 kB        97.4 kB
└ ƒ /track-order                                       4.64 kB        99.1 kB
+ First Load JS shared by all                          87.3 kB
  ├ chunks/117-eceadb3f68b2630b.js                     31.7 kB
  ├ chunks/fd9d1056-a60aa588e8723443.js                53.6 kB
  └ other shared chunks (total)                        1.89 kB


ƒ  (Dynamic)  server-rendered on demand

